Microchip Technology Inc, v1.26 (A)

Tool Name:
  c:\program files (x86)\microchip\xc16\v1.26\bin\bin\..\bin/elf-ld.exe

Command:
  -p24F16KL402 \
  -o \
  dist/default/production/Teste_LoRa.X.production.elf \
  -Lc:/program files (x86)/microchip/xc16/v1.26/bin/bin/.. \
  -Lc:/program files (x86)/microchip/xc16/v1.26/bin/bin/../../lib \
  -Lc:/program files (x86)/microchip/xc16/v1.26/bin/bin/../../support/PIC24E/gld \
  -Lc:/program files (x86)/microchip/xc16/v1.26/bin/bin/../../support/PIC24F/gld \
  -Lc:/program files (x86)/microchip/xc16/v1.26/bin/bin/../../support/PIC24H/gld \
  -Lc:/program files (x86)/microchip/xc16/v1.26/bin/bin/../../support/dsPIC30F/gld \
  -Lc:/program files (x86)/microchip/xc16/v1.26/bin/bin/../../support/dsPIC33E/gld \
  -Lc:/program files (x86)/microchip/xc16/v1.26/bin/bin/../../support/dsPIC33F/gld \
  build/default/production/Accel.o \
  build/default/production/I2CDiscr.o \
  build/default/production/Interrupt.o \
  build/default/production/LoRa.o \
  build/default/production/Main.o \
  build/default/production/Uart.o \
  --defsym=__MPLAB_BUILD=1 \
  -Tp24F16KL402.gld.00 \
  --stack=16 \
  --check-sections \
  --data-init \
  --pack-data \
  --handles \
  --isr \
  --no-gc-sections \
  --fill-upper=0 \
  --stackguard=16 \
  --no-force-link \
  --smart-io \
  -Map=dist/default/production/Teste_LoRa.X.production.map \
  --report-mem \
  --memorysummary \
  dist/default/production/memoryfile.xml \
  -start-group \
  --library=lega-pic30-elf \
  --library=m-elf \
  --library=lega-c-elf \
  -end-group \


Optional library libpPIC24Fxxx.a not found
Archive member included because of file (symbol)

c:/program files (x86)/microchip/xc16/v1.26/bin/bin/../../lib\liblega-pic30-elf.a(crt0_standard.o)
                              (__resetPRI)
c:/program files (x86)/microchip/xc16/v1.26/bin/bin/../../lib\liblega-pic30-elf.a(data_init_standard.o)
                              c:/program files (x86)/microchip/xc16/v1.26/bin/bin/../../lib\liblega-pic30-elf.a(crt0_standard.o) (__data_init_standard)
c:/program files (x86)/microchip/xc16/v1.26/bin/bin/../../lib\liblega-c-elf.a(sprintf.XXeo)
                              build/default/production/LoRa.o (_sprintf)
c:/program files (x86)/microchip/xc16/v1.26/bin/bin/../../lib\liblega-c-elf.a(xprintf.XXeo)
                              c:/program files (x86)/microchip/xc16/v1.26/bin/bin/../../lib\liblega-c-elf.a(sprintf.XXeo) (__Printf)
c:/program files (x86)/microchip/xc16/v1.26/bin/bin/../../lib\liblega-c-elf.a(xputfld.XXeo)
                              c:/program files (x86)/microchip/xc16/v1.26/bin/bin/../../lib\liblega-c-elf.a(xprintf.XXeo) (__Putfld)
c:/program files (x86)/microchip/xc16/v1.26/bin/bin/../../lib\liblega-c-elf.a(strchr.XXelo)
                              c:/program files (x86)/microchip/xc16/v1.26/bin/bin/../../lib\liblega-c-elf.a(xprintf.XXeo) (_strchr)
c:/program files (x86)/microchip/xc16/v1.26/bin/bin/../../lib\liblega-c-elf.a(xvacopy.XXelo)
                              c:/program files (x86)/microchip/xc16/v1.26/bin/bin/../../lib\liblega-c-elf.a(xprintf.XXeo) (__Vacopy)
c:/program files (x86)/microchip/xc16/v1.26/bin/bin/../../lib\liblega-c-elf.a(memchr.XXeo)
                              c:/program files (x86)/microchip/xc16/v1.26/bin/bin/../../lib\liblega-c-elf.a(xputfld.XXeo) (_memchr)
c:/program files (x86)/microchip/xc16/v1.26/bin/bin/../../lib\liblega-c-elf.a(memcpy.XXeo)
                              c:/program files (x86)/microchip/xc16/v1.26/bin/bin/../../lib\liblega-c-elf.a(sprintf.XXeo) (_memcpy)
c:/program files (x86)/microchip/xc16/v1.26/bin/bin/../../lib\liblega-c-elf.a(strlen.XXeo)
                              c:/program files (x86)/microchip/xc16/v1.26/bin/bin/../../lib\liblega-c-elf.a(xputfld.XXeo) (_strlen)
c:/program files (x86)/microchip/xc16/v1.26/bin/bin/../../lib\liblega-c-elf.a(xldtob.XXeo)
                              c:/program files (x86)/microchip/xc16/v1.26/bin/bin/../../lib\liblega-c-elf.a(xputfld.XXeo) (__Ldtob)
c:/program files (x86)/microchip/xc16/v1.26/bin/bin/../../lib\liblega-c-elf.a(xldunsca.XXeo)
                              c:/program files (x86)/microchip/xc16/v1.26/bin/bin/../../lib\liblega-c-elf.a(xldtob.XXeo) (__LDunscale)
c:/program files (x86)/microchip/xc16/v1.26/bin/bin/../../lib\liblega-c-elf.a(xlitob.XXeo)
                              c:/program files (x86)/microchip/xc16/v1.26/bin/bin/../../lib\liblega-c-elf.a(xputfld.XXeo) (__Litob)
c:/program files (x86)/microchip/xc16/v1.26/bin/bin/../../lib\liblega-c-elf.a(xputtxt.XXeo)
                              c:/program files (x86)/microchip/xc16/v1.26/bin/bin/../../lib\liblega-c-elf.a(xprintf.XXeo) (__Puttxt)
c:/program files (x86)/microchip/xc16/v1.26/bin/bin/../../lib\liblega-c-elf.a(ldiv.XXelo)
                              c:/program files (x86)/microchip/xc16/v1.26/bin/bin/../../lib\liblega-c-elf.a(xldtob.XXeo) (_ldiv)
c:/program files (x86)/microchip/xc16/v1.26/bin/bin/../../lib\liblega-c-elf.a(xdnorm.XXelo)
                              c:/program files (x86)/microchip/xc16/v1.26/bin/bin/../../lib\liblega-c-elf.a(xldunsca.XXeo) (__Dnorm)
c:/program files (x86)/microchip/xc16/v1.26/bin/bin/../../lib\liblega-c-elf.a(xldscale.XXelo)
                              c:/program files (x86)/microchip/xc16/v1.26/bin/bin/../../lib\liblega-c-elf.a(xldtob.XXeo) (__LDscale)
c:/program files (x86)/microchip/xc16/v1.26/bin/bin/../../lib\liblega-c-elf.a(xgenld.XXeo)
                              c:/program files (x86)/microchip/xc16/v1.26/bin/bin/../../lib\liblega-c-elf.a(xldtob.XXeo) (__Genld)
c:/program files (x86)/microchip/xc16/v1.26/bin/bin/../../lib\liblega-c-elf.a(div.XXelo)
                              c:/program files (x86)/microchip/xc16/v1.26/bin/bin/../../lib\liblega-c-elf.a(xgenld.XXeo) (_div)
c:/program files (x86)/microchip/xc16/v1.26/bin/bin/../../lib\libm-elf.a(deqltle.eo)
                              c:/program files (x86)/microchip/xc16/v1.26/bin/bin/../../lib\liblega-c-elf.a(xldtob.XXeo) (___ltdf2)
c:/program files (x86)/microchip/xc16/v1.26/bin/bin/../../lib\libm-elf.a(dgtge.eo)
                              c:/program files (x86)/microchip/xc16/v1.26/bin/bin/../../lib\liblega-c-elf.a(xldtob.XXeo) (___gtdf2)
c:/program files (x86)/microchip/xc16/v1.26/bin/bin/../../lib\libm-elf.a(divdf3.eo)
                              c:/program files (x86)/microchip/xc16/v1.26/bin/bin/../../lib\liblega-c-elf.a(xldtob.XXeo) (___divdf3)
c:/program files (x86)/microchip/xc16/v1.26/bin/bin/../../lib\libm-elf.a(divsi3.eo)
                              c:/program files (x86)/microchip/xc16/v1.26/bin/bin/../../lib\liblega-c-elf.a(xldtob.XXeo) (___divsi3)
c:/program files (x86)/microchip/xc16/v1.26/bin/bin/../../lib\libm-elf.a(dpack.eo)
                              c:/program files (x86)/microchip/xc16/v1.26/bin/bin/../../lib\libm-elf.a(divdf3.eo) (__dpack)
c:/program files (x86)/microchip/xc16/v1.26/bin/bin/../../lib\libm-elf.a(dunpack2.eo)
                              c:/program files (x86)/microchip/xc16/v1.26/bin/bin/../../lib\libm-elf.a(divdf3.eo) (__dunpack2)
c:/program files (x86)/microchip/xc16/v1.26/bin/bin/../../lib\libm-elf.a(extendsfdf.eo)
                              c:/program files (x86)/microchip/xc16/v1.26/bin/bin/../../lib\liblega-c-elf.a(xputfld.XXeo) (___extendsfdf2)
c:/program files (x86)/microchip/xc16/v1.26/bin/bin/../../lib\libm-elf.a(fixdfsi.eo)
                              c:/program files (x86)/microchip/xc16/v1.26/bin/bin/../../lib\liblega-c-elf.a(xldtob.XXeo) (_(float, int, long long, double, float, short, int))
c:/program files (x86)/microchip/xc16/v1.26/bin/bin/../../lib\libm-elf.a(floatsidf.eo)
                              c:/program files (x86)/microchip/xc16/v1.26/bin/bin/../../lib\liblega-c-elf.a(xldtob.XXeo) (___floatsidf)
c:/program files (x86)/microchip/xc16/v1.26/bin/bin/../../lib\libm-elf.a(funpack.eo)
                              c:/program files (x86)/microchip/xc16/v1.26/bin/bin/../../lib\libm-elf.a(extendsfdf.eo) (__funpack)
c:/program files (x86)/microchip/xc16/v1.26/bin/bin/../../lib\libm-elf.a(muldf3.eo)
                              c:/program files (x86)/microchip/xc16/v1.26/bin/bin/../../lib\liblega-c-elf.a(xldtob.XXeo) (___muldf3)
c:/program files (x86)/microchip/xc16/v1.26/bin/bin/../../lib\libm-elf.a(subdf3.eo)
                              c:/program files (x86)/microchip/xc16/v1.26/bin/bin/../../lib\liblega-c-elf.a(xldtob.XXeo) (___subdf3)
c:/program files (x86)/microchip/xc16/v1.26/bin/bin/../../lib\libm-elf.a(udivsi3.eo)
                              c:/program files (x86)/microchip/xc16/v1.26/bin/bin/../../lib\liblega-c-elf.a(xlitob.XXeo) (___udivsi3)
c:/program files (x86)/microchip/xc16/v1.26/bin/bin/../../lib\libm-elf.a(umodsi3.eo)
                              c:/program files (x86)/microchip/xc16/v1.26/bin/bin/../../lib\liblega-c-elf.a(xlitob.XXeo) (___umodsi3)
c:/program files (x86)/microchip/xc16/v1.26/bin/bin/../../lib\libm-elf.a(mulsi3.eo)
                              c:/program files (x86)/microchip/xc16/v1.26/bin/bin/../../lib\liblega-c-elf.a(ldiv.XXelo) (___mulsi3)
c:/program files (x86)/microchip/xc16/v1.26/bin/bin/../../lib\libm-elf.a(divmoddi3.eo)
                              c:/program files (x86)/microchip/xc16/v1.26/bin/bin/../../lib\liblega-c-elf.a(xlitob.XXeo) (___udivdi3)
c:/program files (x86)/microchip/xc16/v1.26/bin/bin/../../lib\libm-elf.a(adddf3.eo)
                              c:/program files (x86)/microchip/xc16/v1.26/bin/bin/../../lib\libm-elf.a(subdf3.eo) (___adddf3)
c:/program files (x86)/microchip/xc16/v1.26/bin/bin/../../lib\libm-elf.a(dcompare.eo)
                              c:/program files (x86)/microchip/xc16/v1.26/bin/bin/../../lib\libm-elf.a(deqltle.eo) (__dcompare)
c:/program files (x86)/microchip/xc16/v1.26/bin/bin/../../lib\libm-elf.a(dpropagateNaN.eo)
                              c:/program files (x86)/microchip/xc16/v1.26/bin/bin/../../lib\libm-elf.a(dunpack2.eo) (__dPropagateNaN)
c:/program files (x86)/microchip/xc16/v1.26/bin/bin/../../lib\libm-elf.a(dtype.eo)
                              c:/program files (x86)/microchip/xc16/v1.26/bin/bin/../../lib\libm-elf.a(dcompare.eo) (__dtype)
c:/program files (x86)/microchip/xc16/v1.26/bin/bin/../../lib\libm-elf.a(dunpack.eo)
                              c:/program files (x86)/microchip/xc16/v1.26/bin/bin/../../lib\libm-elf.a(dunpack2.eo) (__dunpack)
c:/program files (x86)/microchip/xc16/v1.26/bin/bin/../../lib\libm-elf.a(floatdidf.eo)
                              c:/program files (x86)/microchip/xc16/v1.26/bin/bin/../../lib\libm-elf.a(floatsidf.eo) (___floatdidf)
c:/program files (x86)/microchip/xc16/v1.26/bin/bin/../../lib\libm-elf.a(floatundidf.eo)
                              c:/program files (x86)/microchip/xc16/v1.26/bin/bin/../../lib\libm-elf.a(floatdidf.eo) (___floatundidf)


Selected CodeGuard Options:
  FGS:GWRP:OFF
  FGS:GSS0:OFF
  FBS:BWRP:OFF
  FBS:BSS:OFF

CodeGuard FLASH Memory:
  boot    (none)
  secure  (none)
  general 0x200 to 0x2bfe

CodeGuard RAM Memory:
  general 0x800 to 0xbff
  secure  (none)
  boot    (none)

CodeGuard EEPROM Memory:
  general 0x7ffe00 to 0x7fffff
  secure  (none)
  boot    (none)


xc16-ld 1.26 (A)

Program Memory  [Origin = 0x200, Length = 0x2a00]

section                    address   length (PC units)   length (bytes) (dec)
-------                    -------   -----------------   --------------------
.text                        0x200              0x1952          0x25fb  (9723)
.const                      0x1b52               0x102           0x183  (387)
.text                       0x1c54               0x742           0xae3  (2787)
.dinit                      0x2396                0xb6           0x111  (273)
.text                       0x244c                0x68            0x9c  (156)
.shared.dinit               0x24b4                 0x2             0x3  (3)

                 Total program memory used (bytes):         0x3411  (13329) 82%


Ivt Memory  [Origin = 0x4, Length = 0xfc]

section                    address   length (PC units)   length (bytes) (dec)
-------                    -------   -----------------   --------------------
.ivt._T1Interrupt             0x1a                 0x2             0x3  (3)
.ivt._U1RXInterrupt           0x2a                 0x2             0x3  (3)
.ivt._U1TXInterrupt           0x2c                 0x2             0x3  (3)
.ivt._INT1Interrupt           0x3c                 0x2             0x3  (3)
.ivt._U2RXInterrupt           0x50                 0x2             0x3  (3)
.ivt._U2TXInterrupt           0x52                 0x2             0x3  (3)
.ivt._U1ErrInterrupt          0x96                 0x2             0x3  (3)
.ivt._U2ErrInterrupt          0x98                 0x2             0x3  (3)


Data Memory  [Origin = 0x800, Length = 0x400]

section                    address      alignment gaps    total length  (dec)
-------                    -------      --------------    -------------------
.nbss                        0x800                   0           0x1ea  (490)
.data                        0x9ea                   0            0xb8  (184)

                 Total data memory used (bytes):          0x2a2  (674) 65%


Dynamic Memory Usage

region                     address                      maximum length  (dec)
------                     -------                      ---------------------
heap                             0                                   0  (0)
stack                        0xaa2                               0x15e  (350)

                 Maximum dynamic memory (bytes):          0x15e  (350)


External Symbols in Data Memory (by address):

                    0x0800                  _stUART1
                    0x0808                  _stUART2
                    0x0810                  _stUART3
                    0x0818                  _stUART4
                    0x0820                  _byBufferUART1Tx
                    0x08a0                  _byBufferUART1Rx
                    0x0920                  _byBufferUART2Tx
                    0x0960                  _byBufferUART2Rx
                    0x09a0                  _byQtdCrLfIntermediarios
                    0x09a2                  _pbyBufferRxUART1
                    0x09a4                  _stTemporizacao
                    0x09c6                  _wTimer1ContadorTempo_ms
                    0x09c8                  _byFlagTempo_ms
                    0x09ca                  _wTimer1ContadorTempo1s
                    0x09cc                  _wContadorTempo_s
                    0x09ce                  _byFlagTempo_s
                    0x09d0                  _byEstadoAtualBloqueio
                    0x09d2                  _wIndiceDoCicloDeBloqueio
                    0x09d4                  _wContadosDeCilosPorIndice
                    0x09d6                  _wAux
                    0x09d8                  _wTOn
                    0x09da                  _wTOff
                    0x09dc                  _wAuxIgnicao
                    0x09de                  _wAuxBloqueio
                    0x09e0                  _unAccelEixoX
                    0x09e2                  _unAccelEixoY
                    0x09e4                  _unAccelEixoZ
                    0x09e6                  _byAccelINT
                    0x09e7                  _byPIN_ACCEL
                    0x09e8                  _byI2cWriteByteReturn
                    0x09e9                  _byACKLido

External Symbols in Data Memory (by name):

                    0x09e9                  _byACKLido
                    0x09e6                  _byAccelINT
                    0x08a0                  _byBufferUART1Rx
                    0x0820                  _byBufferUART1Tx
                    0x0960                  _byBufferUART2Rx
                    0x0920                  _byBufferUART2Tx
                    0x09d0                  _byEstadoAtualBloqueio
                    0x09c8                  _byFlagTempo_ms
                    0x09ce                  _byFlagTempo_s
                    0x09e8                  _byI2cWriteByteReturn
                    0x09e7                  _byPIN_ACCEL
                    0x09a0                  _byQtdCrLfIntermediarios
                    0x09a2                  _pbyBufferRxUART1
                    0x09a4                  _stTemporizacao
                    0x0800                  _stUART1
                    0x0808                  _stUART2
                    0x0810                  _stUART3
                    0x0818                  _stUART4
                    0x09e0                  _unAccelEixoX
                    0x09e2                  _unAccelEixoY
                    0x09e4                  _unAccelEixoZ
                    0x09d6                  _wAux
                    0x09de                  _wAuxBloqueio
                    0x09dc                  _wAuxIgnicao
                    0x09cc                  _wContadorTempo_s
                    0x09d4                  _wContadosDeCilosPorIndice
                    0x09d2                  _wIndiceDoCicloDeBloqueio
                    0x09da                  _wTOff
                    0x09d8                  _wTOn
                    0x09ca                  _wTimer1ContadorTempo1s
                    0x09c6                  _wTimer1ContadorTempo_ms

External Symbols in Program Memory (by address):

                  0x000200                  __resetPRI
                  0x00022c                  __psv_init
                  0x00023c                  __data_init_standard
                  0x00023c                  __data_init
                  0x0002ac                  __DefaultInterrupt
                  0x0002b0                  sprintf.XXeo:_prout
                  0x0002be                  _sprintf
                  0x0002dc                  __Printf
                  0x000440                  __Putfld
                  0x00070a                  _strchr
                  0x000728                  __Vacopy
                  0x00072c                  _memchr
                  0x000740                  _memcpy
                  0x00074e                  _strlen
                  0x00075a                  __Ldtob
                  0x000b4c                  __LDunscale
                  0x000ba0                  __Litob
                  0x000dfe                  __Puttxt
                  0x000f76                  _ldiv
                  0x000fa0                  __Dnorm
                  0x001038                  __LDscale
                  0x00112e                  __Genld
                  0x001392                  _div
                  0x0013a8                  ___eqdf2
                  0x0013a8                  ___ltdf2
                  0x0013a8                  ___ledf2
                  0x0013b2                  ___gtdf2
                  0x0013b2                  ___gedf2
                  0x0013bc                  ___divdf3
                  0x001470                  ___divsi3
                  0x00148e                  __dpack
                  0x0014e6                  __dunpack2
                  0x001508                  __dreturnNaN
                  0x00150e                  __dunpack2exit
                  0x001518                  ___extendsfdf2
                  0x001556                  ___fixdfsi
                  0x0015ae                  ___floatsidf
                  0x0015b4                  __funpack
                  0x0015de                  ___muldf3
                  0x0016c8                  ___subdf3
                  0x0016cc                  ___udivsi3
                  0x0016ec                  ___umodsi3
                  0x0016f2                  ___mulp32peds3
                  0x0016f2                  ___mulsi3
                  0x0016f2                  ___mulp32eds3
                  0x00174a                  ___udivmoddi3
                  0x001830                  ___udivdi3
                  0x00183e                  ___umoddi3
                  0x001846                  ___divdi3
                  0x0018a6                  ___moddi3
                  0x001902                  ___adddf3
                  0x0019fc                  __dcompare
                  0x001a4e                  __dPropagateNaN
                  0x001a6a                  __dtype
                  0x001a8e                  __dunpack
                  0x001adc                  ___floatdidf
                  0x001afc                  ___floatundidf
                  0x001c54                  _UART_UART1Init
                  0x001cc2                  _UART_UART1ProcessaByteRecebido
                  0x001cd0                  _UART_UART1EnviaTxBuffer
                  0x001d06                  _UART_UART1EnviaTxBufferASCII
                  0x001d3e                  _UART_UART2Init
                  0x001dac                  _UART_UART2ProcessaByteRecebido
                  0x001e1a                  _UART_UART2EnviaTxBuffer
                  0x001e4a                  _UART_UART2EnviaTxBufferASCII
                  0x001e8a                  _MAIN_InicializaPorts
                  0x001ec6                  _MAIN_InicializaOscilador
                  0x001f0c                  _MAIN_InicializaVariaveisGlobais
                  0x001f18                  _MAIN_Delay_5ms
                  0x001f30                  _MAIN_Delay_1ms
                  0x001f48                  _MAIN_Delay_100us
                  0x001f60                  _MAIN_Delay_50us
                  0x001f76                  _MAIN_Delay_10us
                  0x001f8c                  _MAIN_Delay_1us
                  0x001f98                  _main
                  0x001ff0                  _INTERRUPT_TIMER1Init
                  0x002024                  _INTERRUPT_TIMER1On
                  0x002030                  __T1Interrupt
                  0x00207c                  __INT1Interrupt
                  0x00209e                  __U1RXInterrupt
                  0x0020ca                  __U1TXInterrupt
                  0x0020de                  __U1ErrInterrupt
                  0x0020f2                  __U2RXInterrupt
                  0x00211e                  __U2TXInterrupt
                  0x002132                  __U2ErrInterrupt
                  0x002146                  _ACCEL_InicializaLIS3DSH
                  0x002182                  _ACCEL_InicializaStateMachine1LIS3DSH
                  0x0021e8                  _ACCEL_WriteByte
                  0x002228                  _ACCEL_ReadByte
                  0x00226a                  _GPIO_TrataAcelerometro
                  0x00227e                  _I2CDISCR_Accel_InicializaBarramentoI2C
                  0x00229e                  _I2CDISCR_Accel_GeraStartBit
                  0x0022b6                  _I2CDISCR_Accel_GeraStopBit
                  0x0022ce                  _I2CDISCR_Accel_WriteByte
                  0x002312                  _I2CDISCR_Accel_ReadByte
                  0x002352                  _I2CDISCR_Accel_LeACK
                  0x002370                  _I2CDISCR_Accel_GeraACK_NAK
                  0x00244c                  _InitLoRa
                  0x00246e                  _SendCommand
                  0xf80000                  __FBS.sec
                  0xf80004                  __FGS.sec

External Symbols in Program Memory (by name):

                  0x002146                  _ACCEL_InicializaLIS3DSH
                  0x002182                  _ACCEL_InicializaStateMachine1LIS3DSH
                  0x002228                  _ACCEL_ReadByte
                  0x0021e8                  _ACCEL_WriteByte
                  0x00226a                  _GPIO_TrataAcelerometro
                  0x002370                  _I2CDISCR_Accel_GeraACK_NAK
                  0x00229e                  _I2CDISCR_Accel_GeraStartBit
                  0x0022b6                  _I2CDISCR_Accel_GeraStopBit
                  0x00227e                  _I2CDISCR_Accel_InicializaBarramentoI2C
                  0x002352                  _I2CDISCR_Accel_LeACK
                  0x002312                  _I2CDISCR_Accel_ReadByte
                  0x0022ce                  _I2CDISCR_Accel_WriteByte
                  0x001ff0                  _INTERRUPT_TIMER1Init
                  0x002024                  _INTERRUPT_TIMER1On
                  0x00244c                  _InitLoRa
                  0x001f48                  _MAIN_Delay_100us
                  0x001f76                  _MAIN_Delay_10us
                  0x001f30                  _MAIN_Delay_1ms
                  0x001f8c                  _MAIN_Delay_1us
                  0x001f60                  _MAIN_Delay_50us
                  0x001f18                  _MAIN_Delay_5ms
                  0x001ec6                  _MAIN_InicializaOscilador
                  0x001e8a                  _MAIN_InicializaPorts
                  0x001f0c                  _MAIN_InicializaVariaveisGlobais
                  0x00246e                  _SendCommand
                  0x001cd0                  _UART_UART1EnviaTxBuffer
                  0x001d06                  _UART_UART1EnviaTxBufferASCII
                  0x001c54                  _UART_UART1Init
                  0x001cc2                  _UART_UART1ProcessaByteRecebido
                  0x001e1a                  _UART_UART2EnviaTxBuffer
                  0x001e4a                  _UART_UART2EnviaTxBufferASCII
                  0x001d3e                  _UART_UART2Init
                  0x001dac                  _UART_UART2ProcessaByteRecebido
                  0x0002ac                  __DefaultInterrupt
                  0x000fa0                  __Dnorm
                  0xf80000                  __FBS.sec
                  0xf80004                  __FGS.sec
                  0x00112e                  __Genld
                  0x00207c                  __INT1Interrupt
                  0x001038                  __LDscale
                  0x000b4c                  __LDunscale
                  0x00075a                  __Ldtob
                  0x000ba0                  __Litob
                  0x0002dc                  __Printf
                  0x000440                  __Putfld
                  0x000dfe                  __Puttxt
                  0x002030                  __T1Interrupt
                  0x0020de                  __U1ErrInterrupt
                  0x00209e                  __U1RXInterrupt
                  0x0020ca                  __U1TXInterrupt
                  0x002132                  __U2ErrInterrupt
                  0x0020f2                  __U2RXInterrupt
                  0x00211e                  __U2TXInterrupt
                  0x000728                  __Vacopy
                  0x001902                  ___adddf3
                  0x0013bc                  ___divdf3
                  0x001846                  ___divdi3
                  0x001470                  ___divsi3
                  0x0013a8                  ___eqdf2
                  0x001518                  ___extendsfdf2
                  0x001556                  ___fixdfsi
                  0x001adc                  ___floatdidf
                  0x0015ae                  ___floatsidf
                  0x001afc                  ___floatundidf
                  0x0013b2                  ___gedf2
                  0x0013b2                  ___gtdf2
                  0x0013a8                  ___ledf2
                  0x0013a8                  ___ltdf2
                  0x0018a6                  ___moddi3
                  0x0015de                  ___muldf3
                  0x0016f2                  ___mulp32eds3
                  0x0016f2                  ___mulp32peds3
                  0x0016f2                  ___mulsi3
                  0x0016c8                  ___subdf3
                  0x001830                  ___udivdi3
                  0x00174a                  ___udivmoddi3
                  0x0016cc                  ___udivsi3
                  0x00183e                  ___umoddi3
                  0x0016ec                  ___umodsi3
                  0x001a4e                  __dPropagateNaN
                  0x00023c                  __data_init
                  0x00023c                  __data_init_standard
                  0x0019fc                  __dcompare
                  0x00148e                  __dpack
                  0x001508                  __dreturnNaN
                  0x001a6a                  __dtype
                  0x001a8e                  __dunpack
                  0x0014e6                  __dunpack2
                  0x00150e                  __dunpack2exit
                  0x0015b4                  __funpack
                  0x00022c                  __psv_init
                  0x000200                  __resetPRI
                  0x001392                  _div
                  0x000f76                  _ldiv
                  0x001f98                  _main
                  0x00072c                  _memchr
                  0x000740                  _memcpy
                  0x0002be                  _sprintf
                  0x00070a                  _strchr
                  0x00074e                  _strlen
                  0x0002b0                  sprintf.XXeo:_prout

Memory Configuration

Name             Origin             Length             Attributes
data             0x000800           0x000400           a !xr
reset            0x000000           0x000004  
ivt              0x000004           0x0000fc  
_reserved        0x000100           0x000004  
aivt             0x000104           0x0000fc  
program          0x000200           0x002a00           xr
eedata           0x7ffe00           0x000200  
FBS              0xf80000           0x000002  
FGS              0xf80004           0x000002  
FOSCSEL          0xf80006           0x000002  
FOSC             0xf80008           0x000002  
FWDT             0xf8000a           0x000002  
FPOR             0xf8000c           0x000002  
FICD             0xf8000e           0x000002  
*default*        0x000000           0xffffffff  

Linker script and memory map

LOAD build/default/production/Accel.o
LOAD build/default/production/I2CDiscr.o
LOAD build/default/production/Interrupt.o
LOAD build/default/production/LoRa.o
LOAD build/default/production/Main.o
LOAD build/default/production/Uart.o
                    0x0001                  __MPLAB_BUILD = 0x1
LOAD pPIC24Fxxx
LOAD c:/program files (x86)/microchip/xc16/v1.26/bin/bin/../../lib\libfx-elf.a
                    0xf80000                  __FBS = 0xf80000
                    0xf80004                  __FGS = 0xf80004
                    0xf80006                  __FOSCSEL = 0xf80006
                    0xf80008                  __FOSC = 0xf80008
                    0xf8000a                  __FWDT = 0xf8000a
                    0xf8000c                  __FPOR = 0xf8000c
                    0xf8000e                  __FICD = 0xf8000e
                    0x0001                  __NO_HANDLES = 0x1
                    0x0200                  __CODE_BASE = 0x200
                    0x2a00                  __CODE_LENGTH = 0x2a00
                    0x0004                  __IVT_BASE = 0x4
                    0x0104                  __AIVT_BASE = 0x104
                    0x0800                  __DATA_BASE = 0x800
                    0x0400                  __DATA_LENGTH = 0x400

.reset            0x000000          0x4
                  0x000000          0x2 SHORT 0x200 ABSOLUTE (__reset)
                  0x000001          0x2 SHORT 0x4
                  0x000002          0x2 SHORT 0x0 ((ABSOLUTE (__reset) >> 0x10) & 0x7f)
                  0x000003          0x2 SHORT 0x0

.text             0x000200       0x1952
 *(.init)
 .init            0x000200         0x3c c:/program files (x86)/microchip/xc16/v1.26/bin/bin/../../lib\liblega-pic30-elf.a(crt0_standard.o)
                  0x000200                  __resetPRI
                  0x000200                  __reset
                  0x00022c                  __psv_init
 .init            0x00023c         0x6c c:/program files (x86)/microchip/xc16/v1.26/bin/bin/../../lib\liblega-pic30-elf.a(data_init_standard.o)
                  0x00023c                  __data_init_standard
                  0x00023c                  __data_init
 *(.user_init)
 *(.handle)
 *(.isr*)
 .isr             0x0002ac          0x4 default_isr
                  0x0002ac                  __DefaultInterrupt
 *(.libc)
 *(.libm)
 *(.libdsp)
 *(.lib*)
 .libc.prout      0x0002b0          0xe c:/program files (x86)/microchip/xc16/v1.26/bin/bin/../../lib\liblega-c-elf.a(sprintf.XXeo)
                  0x0002b0                  sprintf.XXeo:_prout
 .libc.sprintf    0x0002be         0x1e c:/program files (x86)/microchip/xc16/v1.26/bin/bin/../../lib\liblega-c-elf.a(sprintf.XXeo)
                  0x0002be                  _sprintf
 .libc._Printf    0x0002dc        0x164 c:/program files (x86)/microchip/xc16/v1.26/bin/bin/../../lib\liblega-c-elf.a(xprintf.XXeo)
                  0x0002dc                  __Printf
 .libc._Putfld    0x000440        0x2ca c:/program files (x86)/microchip/xc16/v1.26/bin/bin/../../lib\liblega-c-elf.a(xputfld.XXeo)
                  0x000440                  __Putfld
 .libc.strchr     0x00070a         0x1e c:/program files (x86)/microchip/xc16/v1.26/bin/bin/../../lib\liblega-c-elf.a(strchr.XXelo)
                  0x00070a                  _strchr
 .libc._Vacopy    0x000728          0x4 c:/program files (x86)/microchip/xc16/v1.26/bin/bin/../../lib\liblega-c-elf.a(xvacopy.XXelo)
                  0x000728                  __Vacopy
 .libc.memchr     0x00072c         0x14 c:/program files (x86)/microchip/xc16/v1.26/bin/bin/../../lib\liblega-c-elf.a(memchr.XXeo)
                  0x00072c                  _memchr
 .libc.memcpy     0x000740          0xe c:/program files (x86)/microchip/xc16/v1.26/bin/bin/../../lib\liblega-c-elf.a(memcpy.XXeo)
                  0x000740                  _memcpy
 .libc.strlen     0x00074e          0xc c:/program files (x86)/microchip/xc16/v1.26/bin/bin/../../lib\liblega-c-elf.a(strlen.XXeo)
                  0x00074e                  _strlen
 .libc._Ldtob     0x00075a        0x3f2 c:/program files (x86)/microchip/xc16/v1.26/bin/bin/../../lib\liblega-c-elf.a(xldtob.XXeo)
                  0x00075a                  __Ldtob
 .libc._LDunscale
                  0x000b4c         0x54 c:/program files (x86)/microchip/xc16/v1.26/bin/bin/../../lib\liblega-c-elf.a(xldunsca.XXeo)
                  0x000b4c                  __LDunscale
 .libc._Litob     0x000ba0        0x25e c:/program files (x86)/microchip/xc16/v1.26/bin/bin/../../lib\liblega-c-elf.a(xlitob.XXeo)
                  0x000ba0                  __Litob
 .libc._Puttxt    0x000dfe        0x178 c:/program files (x86)/microchip/xc16/v1.26/bin/bin/../../lib\liblega-c-elf.a(xputtxt.XXeo)
                  0x000dfe                  __Puttxt
 .libc.ldiv       0x000f76         0x2a c:/program files (x86)/microchip/xc16/v1.26/bin/bin/../../lib\liblega-c-elf.a(ldiv.XXelo)
                  0x000f76                  _ldiv
 .libc._Dnorm     0x000fa0         0x98 c:/program files (x86)/microchip/xc16/v1.26/bin/bin/../../lib\liblega-c-elf.a(xdnorm.XXelo)
                  0x000fa0                  __Dnorm
 .libc._LDscale
                  0x001038         0xf6 c:/program files (x86)/microchip/xc16/v1.26/bin/bin/../../lib\liblega-c-elf.a(xldscale.XXelo)
                  0x001038                  __LDscale
 .libc._Genld     0x00112e        0x264 c:/program files (x86)/microchip/xc16/v1.26/bin/bin/../../lib\liblega-c-elf.a(xgenld.XXeo)
                  0x00112e                  __Genld
 .libc.div        0x001392         0x16 c:/program files (x86)/microchip/xc16/v1.26/bin/bin/../../lib\liblega-c-elf.a(div.XXelo)
                  0x001392                  _div
 .libm.eqdf2      0x0013a8          0xa c:/program files (x86)/microchip/xc16/v1.26/bin/bin/../../lib\libm-elf.a(deqltle.eo)
                  0x0013a8                  ___eqdf2
                  0x0013a8                  ___ltdf2
                  0x0013a8                  ___ledf2
 .libm.gtdf2      0x0013b2          0xa c:/program files (x86)/microchip/xc16/v1.26/bin/bin/../../lib\libm-elf.a(dgtge.eo)
                  0x0013b2                  ___gtdf2
                  0x0013b2                  ___gedf2
 .libm.divdf3     0x0013bc         0xb4 c:/program files (x86)/microchip/xc16/v1.26/bin/bin/../../lib\libm-elf.a(divdf3.eo)
                  0x0013bc                  ___divdf3
 .libm.divsi3     0x001470         0x1e c:/program files (x86)/microchip/xc16/v1.26/bin/bin/../../lib\libm-elf.a(divsi3.eo)
                  0x001470                  ___divsi3
 .libm.dpack      0x00148e         0x58 c:/program files (x86)/microchip/xc16/v1.26/bin/bin/../../lib\libm-elf.a(dpack.eo)
                  0x00148e                  __dpack
 .libm.dunpack2
                  0x0014e6         0x32 c:/program files (x86)/microchip/xc16/v1.26/bin/bin/../../lib\libm-elf.a(dunpack2.eo)
                  0x0014e6                  __dunpack2
                  0x001508                  __dreturnNaN
                  0x00150e                  __dunpack2exit
 .libm.extendsfdf2
                  0x001518         0x3e c:/program files (x86)/microchip/xc16/v1.26/bin/bin/../../lib\libm-elf.a(extendsfdf.eo)
                  0x001518                  ___extendsfdf2
 .libm.fixdfsi    0x001556         0x58 c:/program files (x86)/microchip/xc16/v1.26/bin/bin/../../lib\libm-elf.a(fixdfsi.eo)
                  0x001556                  _(float, int, long long, double, float, short, int)
 .libm.floatsidf
                  0x0015ae          0x6 c:/program files (x86)/microchip/xc16/v1.26/bin/bin/../../lib\libm-elf.a(floatsidf.eo)
                  0x0015ae                  ___floatsidf
 .libm.funpack    0x0015b4         0x2a c:/program files (x86)/microchip/xc16/v1.26/bin/bin/../../lib\libm-elf.a(funpack.eo)
                  0x0015b4                  __funpack
 .libm.muldf3     0x0015de         0xea c:/program files (x86)/microchip/xc16/v1.26/bin/bin/../../lib\libm-elf.a(muldf3.eo)
                  0x0015de                  ___muldf3
 .libm.subdf3     0x0016c8          0x4 c:/program files (x86)/microchip/xc16/v1.26/bin/bin/../../lib\libm-elf.a(subdf3.eo)
                  0x0016c8                  ___subdf3
 .libm.udivsi3    0x0016cc         0x20 c:/program files (x86)/microchip/xc16/v1.26/bin/bin/../../lib\libm-elf.a(udivsi3.eo)
                  0x0016cc                  ___udivsi3
 .libm.umodsi3    0x0016ec          0x6 c:/program files (x86)/microchip/xc16/v1.26/bin/bin/../../lib\libm-elf.a(umodsi3.eo)
                  0x0016ec                  ___umodsi3
 .libm.mulsi3     0x0016f2          0xc c:/program files (x86)/microchip/xc16/v1.26/bin/bin/../../lib\libm-elf.a(mulsi3.eo)
                  0x0016f2                  ___mulp32peds3
                  0x0016f2                  ___mulsi3
                  0x0016f2                  ___mulp32eds3
 .libm.__PplusBdi
                  0x0016fe         0x26 c:/program files (x86)/microchip/xc16/v1.26/bin/bin/../../lib\libm-elf.a(divmoddi3.eo)
 .libm.__PminusBdi
                  0x001724         0x26 c:/program files (x86)/microchip/xc16/v1.26/bin/bin/../../lib\libm-elf.a(divmoddi3.eo)
 .libm.__udivmoddi3
                  0x00174a         0xe6 c:/program files (x86)/microchip/xc16/v1.26/bin/bin/../../lib\libm-elf.a(divmoddi3.eo)
                  0x00174a                  ___udivmoddi3
 .libm.__udivdi3
                  0x001830          0xe c:/program files (x86)/microchip/xc16/v1.26/bin/bin/../../lib\libm-elf.a(divmoddi3.eo)
                  0x001830                  ___udivdi3
 .libm.__umoddi3
                  0x00183e          0x8 c:/program files (x86)/microchip/xc16/v1.26/bin/bin/../../lib\libm-elf.a(divmoddi3.eo)
                  0x00183e                  ___umoddi3
 .libm.__divdi3
                  0x001846         0x60 c:/program files (x86)/microchip/xc16/v1.26/bin/bin/../../lib\libm-elf.a(divmoddi3.eo)
                  0x001846                  ___divdi3
 .libm.__moddi3
                  0x0018a6         0x5c c:/program files (x86)/microchip/xc16/v1.26/bin/bin/../../lib\libm-elf.a(divmoddi3.eo)
                  0x0018a6                  ___moddi3
 .libm.adddf3     0x001902         0xfa c:/program files (x86)/microchip/xc16/v1.26/bin/bin/../../lib\libm-elf.a(adddf3.eo)
                  0x001902                  ___adddf3
 .libm.dcompare
                  0x0019fc         0x52 c:/program files (x86)/microchip/xc16/v1.26/bin/bin/../../lib\libm-elf.a(dcompare.eo)
                  0x0019fc                  __dcompare
 .libm.dPropagateNaN
                  0x001a4e         0x1c c:/program files (x86)/microchip/xc16/v1.26/bin/bin/../../lib\libm-elf.a(dpropagateNaN.eo)
                  0x001a4e                  __dPropagateNaN
 .libm.dtype      0x001a6a         0x24 c:/program files (x86)/microchip/xc16/v1.26/bin/bin/../../lib\libm-elf.a(dtype.eo)
                  0x001a6a                  __dtype
 .libm.dunpack    0x001a8e         0x4e c:/program files (x86)/microchip/xc16/v1.26/bin/bin/../../lib\libm-elf.a(dunpack.eo)
                  0x001a8e                  __dunpack
 .libm.floatdidf
                  0x001adc         0x20 c:/program files (x86)/microchip/xc16/v1.26/bin/bin/../../lib\libm-elf.a(floatdidf.eo)
                  0x001adc                  ___floatdidf
 .libm.floatundidf
                  0x001afc         0x56 c:/program files (x86)/microchip/xc16/v1.26/bin/bin/../../lib\libm-elf.a(floatundidf.eo)
                  0x001afc                  ___floatundidf

usercode
 *(usercode)

__FBS             0xf80000          0x2
 *(__FBS.sec*)
 __FBS.sec        0xf80000          0x2 FBS
                  0xf80000                  __FBS.sec

__FGS             0xf80004          0x2
 *(__FGS.sec*)
 __FGS.sec        0xf80004          0x2 FGS
                  0xf80004                  __FGS.sec

__FOSCSEL
 *(__FOSCSEL.sec*)

__FOSC
 *(__FOSC.sec*)

__FWDT
 *(__FWDT.sec*)

__FPOR
 *(__FPOR.sec*)

__FICD
 *(__FICD.sec*)

.comment
 *(.comment)

.debug_info       0x000000       0x4335
 *(.debug_info)
 .debug_info      0x000000        0x328 build/default/production/Accel.o
 .debug_info      0x000328        0x8b6 build/default/production/I2CDiscr.o
 .debug_info      0x000bde        0xdcc build/default/production/Interrupt.o
 .debug_info      0x0019aa        0x27a build/default/production/LoRa.o
 .debug_info      0x001c24       0x1068 build/default/production/Main.o
 .debug_info      0x002c8c       0x16a9 build/default/production/Uart.o
 *(.gnu.linkonce.wi.*)

.debug_abbrev     0x000000        0x754
 *(.debug_abbrev)
 .debug_abbrev    0x000000        0x107 build/default/production/Accel.o
 .debug_abbrev    0x000107         0xdc build/default/production/I2CDiscr.o
 .debug_abbrev    0x0001e3        0x153 build/default/production/Interrupt.o
 .debug_abbrev    0x000336         0xcf build/default/production/LoRa.o
 .debug_abbrev    0x000405        0x16c build/default/production/Main.o
 .debug_abbrev    0x000571        0x1e3 build/default/production/Uart.o

.debug_line       0x000000        0x571
 *(.debug_line)
 .debug_line      0x000000         0xac build/default/production/Accel.o
 .debug_line      0x0000ac        0x105 build/default/production/I2CDiscr.o
 .debug_line      0x0001b1        0x10f build/default/production/Interrupt.o
 .debug_line      0x0002c0         0x5e build/default/production/LoRa.o
 .debug_line      0x00031e        0x121 build/default/production/Main.o
 .debug_line      0x00043f        0x132 build/default/production/Uart.o

.debug_frame      0x000000        0x58a
 *(.debug_frame)
 .debug_frame     0x000000         0xa0 build/default/production/Accel.o
 .debug_frame     0x0000a0         0xd8 build/default/production/I2CDiscr.o
 .debug_frame     0x000178        0x198 build/default/production/Interrupt.o
 .debug_frame     0x000310         0x5a build/default/production/LoRa.o
 .debug_frame     0x00036a        0x12c build/default/production/Main.o
 .debug_frame     0x000496         0xf4 build/default/production/Uart.o

.debug_str        0x000000        0x291
 *(.debug_str)
 .debug_str       0x000000         0x15 build/default/production/Accel.o
 .debug_str       0x000015         0x30 build/default/production/I2CDiscr.o
 .debug_str       0x000045         0xba build/default/production/Interrupt.o
 .debug_str       0x0000ff         0x20 build/default/production/LoRa.o
 .debug_str       0x00011f         0x6d build/default/production/Main.o
 .debug_str       0x00018c        0x105 build/default/production/Uart.o

.debug_loc
 *(.debug_loc)

.debug_macinfo
 *(.debug_macinfo)

.debug_pubnames
                  0x000000        0x6b2
 *(.debug_pubnames)
 .debug_pubnames
                  0x000000         0xeb build/default/production/Accel.o
 .debug_pubnames
                  0x0000eb        0x114 build/default/production/I2CDiscr.o
 .debug_pubnames
                  0x0001ff        0x15e build/default/production/Interrupt.o
 .debug_pubnames
                  0x00035d         0x2f build/default/production/LoRa.o
 .debug_pubnames
                  0x00038c        0x17d build/default/production/Main.o
 .debug_pubnames
                  0x000509        0x1a9 build/default/production/Uart.o

.debug_ranges
 *(.debug_ranges)

.debug_aranges    0x000000         0x90
 *(.debug_aranges)
 .debug_aranges
                  0x000000         0x18 build/default/production/Accel.o
 .debug_aranges
                  0x000018         0x18 build/default/production/I2CDiscr.o
 .debug_aranges
                  0x000030         0x18 build/default/production/Interrupt.o
 .debug_aranges
                  0x000048         0x18 build/default/production/LoRa.o
 .debug_aranges
                  0x000060         0x18 build/default/production/Main.o
 .debug_aranges
                  0x000078         0x18 build/default/production/Uart.o
                    0x0000                  WREG0 = 0x0
                    0x0000                  _WREG0 = 0x0
                    0x0002                  WREG1 = 0x2
                    0x0002                  _WREG1 = 0x2
                    0x0004                  WREG2 = 0x4
                    0x0004                  _WREG2 = 0x4
                    0x0006                  WREG3 = 0x6
                    0x0006                  _WREG3 = 0x6
                    0x0008                  WREG4 = 0x8
                    0x0008                  _WREG4 = 0x8
                    0x000a                  WREG5 = 0xa
                    0x000a                  _WREG5 = 0xa
                    0x000c                  WREG6 = 0xc
                    0x000c                  _WREG6 = 0xc
                    0x000e                  WREG7 = 0xe
                    0x000e                  _WREG7 = 0xe
                    0x0010                  WREG8 = 0x10
                    0x0010                  _WREG8 = 0x10
                    0x0012                  WREG9 = 0x12
                    0x0012                  _WREG9 = 0x12
                    0x0014                  WREG10 = 0x14
                    0x0014                  _WREG10 = 0x14
                    0x0016                  WREG11 = 0x16
                    0x0016                  _WREG11 = 0x16
                    0x0018                  WREG12 = 0x18
                    0x0018                  _WREG12 = 0x18
                    0x001a                  WREG13 = 0x1a
                    0x001a                  _WREG13 = 0x1a
                    0x001c                  WREG14 = 0x1c
                    0x001c                  _WREG14 = 0x1c
                    0x001e                  WREG15 = 0x1e
                    0x001e                  _WREG15 = 0x1e
                    0x0020                  SPLIM = 0x20
                    0x0020                  _SPLIM = 0x20
                    0x002e                  PCL = 0x2e
                    0x002e                  _PCL = 0x2e
                    0x0030                  PCH = 0x30
                    0x0030                  _PCH = 0x30
                    0x0032                  TBLPAG = 0x32
                    0x0032                  _TBLPAG = 0x32
                    0x0034                  PSVPAG = 0x34
                    0x0034                  _PSVPAG = 0x34
                    0x0036                  RCOUNT = 0x36
                    0x0036                  _RCOUNT = 0x36
                    0x0042                  SR = 0x42
                    0x0042                  _SR = 0x42
                    0x0042                  _SRbits = 0x42
                    0x0044                  CORCON = 0x44
                    0x0044                  _CORCON = 0x44
                    0x0044                  _CORCONbits = 0x44
                    0x0052                  DISICNT = 0x52
                    0x0052                  _DISICNT = 0x52
                    0x0056                  CNPD1 = 0x56
                    0x0056                  _CNPD1 = 0x56
                    0x0056                  _CNPD1bits = 0x56
                    0x0058                  CNPD2 = 0x58
                    0x0058                  _CNPD2 = 0x58
                    0x0058                  _CNPD2bits = 0x58
                    0x0062                  CNEN1 = 0x62
                    0x0062                  _CNEN1 = 0x62
                    0x0062                  _CNEN1bits = 0x62
                    0x0064                  CNEN2 = 0x64
                    0x0064                  _CNEN2 = 0x64
                    0x0064                  _CNEN2bits = 0x64
                    0x006e                  CNPU1 = 0x6e
                    0x006e                  _CNPU1 = 0x6e
                    0x006e                  _CNPU1bits = 0x6e
                    0x0070                  CNPU2 = 0x70
                    0x0070                  _CNPU2 = 0x70
                    0x0070                  _CNPU2bits = 0x70
                    0x0080                  INTCON1 = 0x80
                    0x0080                  _INTCON1 = 0x80
                    0x0080                  _INTCON1bits = 0x80
                    0x0082                  INTCON2 = 0x82
                    0x0082                  _INTCON2 = 0x82
                    0x0082                  _INTCON2bits = 0x82
                    0x0084                  IFS0 = 0x84
                    0x0084                  _IFS0 = 0x84
                    0x0084                  _IFS0bits = 0x84
                    0x0086                  IFS1 = 0x86
                    0x0086                  _IFS1 = 0x86
                    0x0086                  _IFS1bits = 0x86
                    0x0088                  IFS2 = 0x88
                    0x0088                  _IFS2 = 0x88
                    0x0088                  _IFS2bits = 0x88
                    0x008a                  IFS3 = 0x8a
                    0x008a                  _IFS3 = 0x8a
                    0x008a                  _IFS3bits = 0x8a
                    0x008c                  IFS4 = 0x8c
                    0x008c                  _IFS4 = 0x8c
                    0x008c                  _IFS4bits = 0x8c
                    0x008e                  IFS5 = 0x8e
                    0x008e                  _IFS5 = 0x8e
                    0x008e                  _IFS5bits = 0x8e
                    0x0094                  IEC0 = 0x94
                    0x0094                  _IEC0 = 0x94
                    0x0094                  _IEC0bits = 0x94
                    0x0096                  IEC1 = 0x96
                    0x0096                  _IEC1 = 0x96
                    0x0096                  _IEC1bits = 0x96
                    0x0098                  IEC2 = 0x98
                    0x0098                  _IEC2 = 0x98
                    0x0098                  _IEC2bits = 0x98
                    0x009a                  IEC3 = 0x9a
                    0x009a                  _IEC3 = 0x9a
                    0x009a                  _IEC3bits = 0x9a
                    0x009c                  IEC4 = 0x9c
                    0x009c                  _IEC4 = 0x9c
                    0x009c                  _IEC4bits = 0x9c
                    0x009e                  IEC5 = 0x9e
                    0x009e                  _IEC5 = 0x9e
                    0x009e                  _IEC5bits = 0x9e
                    0x00a4                  IPC0 = 0xa4
                    0x00a4                  _IPC0 = 0xa4
                    0x00a4                  _IPC0bits = 0xa4
                    0x00a6                  IPC1 = 0xa6
                    0x00a6                  _IPC1 = 0xa6
                    0x00a6                  _IPC1bits = 0xa6
                    0x00a8                  IPC2 = 0xa8
                    0x00a8                  _IPC2 = 0xa8
                    0x00a8                  _IPC2bits = 0xa8
                    0x00aa                  IPC3 = 0xaa
                    0x00aa                  _IPC3 = 0xaa
                    0x00aa                  _IPC3bits = 0xaa
                    0x00ac                  IPC4 = 0xac
                    0x00ac                  _IPC4 = 0xac
                    0x00ac                  _IPC4bits = 0xac
                    0x00ae                  IPC5 = 0xae
                    0x00ae                  _IPC5 = 0xae
                    0x00ae                  _IPC5bits = 0xae
                    0x00b0                  IPC6 = 0xb0
                    0x00b0                  _IPC6 = 0xb0
                    0x00b0                  _IPC6bits = 0xb0
                    0x00b2                  IPC7 = 0xb2
                    0x00b2                  _IPC7 = 0xb2
                    0x00b2                  _IPC7bits = 0xb2
                    0x00b6                  IPC9 = 0xb6
                    0x00b6                  _IPC9 = 0xb6
                    0x00b6                  _IPC9bits = 0xb6
                    0x00bc                  IPC12 = 0xbc
                    0x00bc                  _IPC12 = 0xbc
                    0x00bc                  _IPC12bits = 0xbc
                    0x00c4                  IPC16 = 0xc4
                    0x00c4                  _IPC16 = 0xc4
                    0x00c4                  _IPC16bits = 0xc4
                    0x00c8                  IPC18 = 0xc8
                    0x00c8                  _IPC18 = 0xc8
                    0x00c8                  _IPC18bits = 0xc8
                    0x00cc                  IPC20 = 0xcc
                    0x00cc                  _IPC20 = 0xcc
                    0x00cc                  _IPC20bits = 0xcc
                    0x00e0                  INTTREG = 0xe0
                    0x00e0                  _INTTREG = 0xe0
                    0x00e0                  _INTTREGbits = 0xe0
                    0x0100                  TMR1 = 0x100
                    0x0100                  _TMR1 = 0x100
                    0x0102                  PR1 = 0x102
                    0x0102                  _PR1 = 0x102
                    0x0104                  T1CON = 0x104
                    0x0104                  _T1CON = 0x104
                    0x0104                  _T1CONbits = 0x104
                    0x0106                  TMR2 = 0x106
                    0x0106                  _TMR2 = 0x106
                    0x0108                  PR2 = 0x108
                    0x0108                  _PR2 = 0x108
                    0x010a                  T2CON = 0x10a
                    0x010a                  _T2CON = 0x10a
                    0x010a                  _T2CONbits = 0x10a
                    0x010c                  TMR3 = 0x10c
                    0x010c                  _TMR3 = 0x10c
                    0x010e                  T3GCON = 0x10e
                    0x010e                  _T3GCON = 0x10e
                    0x010e                  _T3GCONbits = 0x10e
                    0x0110                  T3CON = 0x110
                    0x0110                  _T3CON = 0x110
                    0x0110                  _T3CONbits = 0x110
                    0x0112                  TMR4 = 0x112
                    0x0112                  _TMR4 = 0x112
                    0x0114                  PR4 = 0x114
                    0x0114                  _PR4 = 0x114
                    0x0116                  T4CON = 0x116
                    0x0116                  _T4CON = 0x116
                    0x0116                  _T4CONbits = 0x116
                    0x013c                  CCPTMRS0 = 0x13c
                    0x013c                  _CCPTMRS0 = 0x13c
                    0x013c                  _CCPTMRS0bits = 0x13c
                    0x0190                  CCP1CON = 0x190
                    0x0190                  _CCP1CON = 0x190
                    0x0190                  _CCP1CONbits = 0x190
                    0x0190                  ECCP1CON = 0x190
                    0x0190                  _ECCP1CON = 0x190
                    0x0190                  _ECCP1CONbits = 0x190
                    0x0192                  CCPR1L = 0x192
                    0x0192                  _CCPR1L = 0x192
                    0x0194                  CCPR1H = 0x194
                    0x0194                  _CCPR1H = 0x194
                    0x0196                  ECCP1DEL = 0x196
                    0x0196                  _ECCP1DEL = 0x196
                    0x0196                  _ECCP1DELbits = 0x196
                    0x0196                  PWM1CON = 0x196
                    0x0196                  _PWM1CON = 0x196
                    0x0196                  _PWM1CONbits = 0x196
                    0x0198                  ECCP1AS = 0x198
                    0x0198                  _ECCP1AS = 0x198
                    0x0198                  _ECCP1ASbits = 0x198
                    0x019a                  PSTR1CON = 0x19a
                    0x019a                  _PSTR1CON = 0x19a
                    0x019a                  _PSTR1CONbits = 0x19a
                    0x019c                  CCP2CON = 0x19c
                    0x019c                  _CCP2CON = 0x19c
                    0x019c                  _CCP2CONbits = 0x19c
                    0x019e                  CCPR2L = 0x19e
                    0x019e                  _CCPR2L = 0x19e
                    0x01a0                  CCPR2H = 0x1a0
                    0x01a0                  _CCPR2H = 0x1a0
                    0x01a8                  CCP3CON = 0x1a8
                    0x01a8                  _CCP3CON = 0x1a8
                    0x01a8                  _CCP3CONbits = 0x1a8
                    0x01aa                  CCPR3L = 0x1aa
                    0x01aa                  _CCPR3L = 0x1aa
                    0x01ac                  CCPR3H = 0x1ac
                    0x01ac                  _CCPR3H = 0x1ac
                    0x0200                  SPI1BUF = 0x200
                    0x0200                  _SPI1BUF = 0x200
                    0x0200                  _SPI1BUFbits = 0x200
                    0x0200                  SSP1BUF = 0x200
                    0x0200                  _SSP1BUF = 0x200
                    0x0200                  _SSP1BUFbits = 0x200
                    0x0202                  SSP1CON1 = 0x202
                    0x0202                  _SSP1CON1 = 0x202
                    0x0202                  _SSP1CON1bits = 0x202
                    0x0204                  SSP1CON2 = 0x204
                    0x0204                  _SSP1CON2 = 0x204
                    0x0204                  _SSP1CON2bits = 0x204
                    0x0206                  SSP1CON3 = 0x206
                    0x0206                  _SSP1CON3 = 0x206
                    0x0206                  _SSP1CON3bits = 0x206
                    0x0208                  SSP1STAT = 0x208
                    0x0208                  _SSP1STAT = 0x208
                    0x0208                  _SSP1STATbits = 0x208
                    0x020a                  I2C1ADD = 0x20a
                    0x020a                  _I2C1ADD = 0x20a
                    0x020a                  _I2C1ADDbits = 0x20a
                    0x020a                  SSP1ADD = 0x20a
                    0x020a                  _SSP1ADD = 0x20a
                    0x020a                  _SSP1ADDbits = 0x20a
                    0x020c                  I2C1MSK = 0x20c
                    0x020c                  _I2C1MSK = 0x20c
                    0x020c                  _I2C1MSKbits = 0x20c
                    0x020c                  SSP1MSK = 0x20c
                    0x020c                  _SSP1MSK = 0x20c
                    0x020c                  _SSP1MSKbits = 0x20c
                    0x0210                  SPI2BUF = 0x210
                    0x0210                  _SPI2BUF = 0x210
                    0x0210                  _SPI2BUFbits = 0x210
                    0x0210                  SSP2BUF = 0x210
                    0x0210                  _SSP2BUF = 0x210
                    0x0210                  _SSP2BUFbits = 0x210
                    0x0212                  SSP2CON1 = 0x212
                    0x0212                  _SSP2CON1 = 0x212
                    0x0212                  _SSP2CON1bits = 0x212
                    0x0214                  SSP2CON2 = 0x214
                    0x0214                  _SSP2CON2 = 0x214
                    0x0214                  _SSP2CON2bits = 0x214
                    0x0216                  SSP2CON3 = 0x216
                    0x0216                  _SSP2CON3 = 0x216
                    0x0216                  _SSP2CON3bits = 0x216
                    0x0218                  SSP2STAT = 0x218
                    0x0218                  _SSP2STAT = 0x218
                    0x0218                  _SSP2STATbits = 0x218
                    0x021a                  I2C2ADD = 0x21a
                    0x021a                  _I2C2ADD = 0x21a
                    0x021a                  _I2C2ADDbits = 0x21a
                    0x021a                  SSP2ADD = 0x21a
                    0x021a                  _SSP2ADD = 0x21a
                    0x021a                  _SSP2ADDbits = 0x21a
                    0x021c                  I2C2MSK = 0x21c
                    0x021c                  _I2C2MSK = 0x21c
                    0x021c                  _I2C2MSKbits = 0x21c
                    0x021c                  SSP2MSK = 0x21c
                    0x021c                  _SSP2MSK = 0x21c
                    0x021c                  _SSP2MSKbits = 0x21c
                    0x0220                  U1MODE = 0x220
                    0x0220                  _U1MODE = 0x220
                    0x0220                  _U1MODEbits = 0x220
                    0x0222                  U1STA = 0x222
                    0x0222                  _U1STA = 0x222
                    0x0222                  _U1STAbits = 0x222
                    0x0224                  U1TXREG = 0x224
                    0x0224                  _U1TXREG = 0x224
                    0x0224                  _U1TXREGbits = 0x224
                    0x0226                  U1RXREG = 0x226
                    0x0226                  _U1RXREG = 0x226
                    0x0226                  _U1RXREGbits = 0x226
                    0x0228                  U1BRG = 0x228
                    0x0228                  _U1BRG = 0x228
                    0x0230                  U2MODE = 0x230
                    0x0230                  _U2MODE = 0x230
                    0x0230                  _U2MODEbits = 0x230
                    0x0232                  U2STA = 0x232
                    0x0232                  _U2STA = 0x232
                    0x0232                  _U2STAbits = 0x232
                    0x0234                  U2TXREG = 0x234
                    0x0234                  _U2TXREG = 0x234
                    0x0234                  _U2TXREGbits = 0x234
                    0x0236                  U2RXREG = 0x236
                    0x0236                  _U2RXREG = 0x236
                    0x0236                  _U2RXREGbits = 0x236
                    0x0238                  U2BRG = 0x238
                    0x0238                  _U2BRG = 0x238
                    0x02c0                  TRISA = 0x2c0
                    0x02c0                  _TRISA = 0x2c0
                    0x02c0                  _TRISAbits = 0x2c0
                    0x02c2                  PORTA = 0x2c2
                    0x02c2                  _PORTA = 0x2c2
                    0x02c2                  _PORTAbits = 0x2c2
                    0x02c4                  LATA = 0x2c4
                    0x02c4                  _LATA = 0x2c4
                    0x02c4                  _LATAbits = 0x2c4
                    0x02c6                  ODCA = 0x2c6
                    0x02c6                  _ODCA = 0x2c6
                    0x02c6                  _ODCAbits = 0x2c6
                    0x02c8                  TRISB = 0x2c8
                    0x02c8                  _TRISB = 0x2c8
                    0x02c8                  _TRISBbits = 0x2c8
                    0x02ca                  PORTB = 0x2ca
                    0x02ca                  _PORTB = 0x2ca
                    0x02ca                  _PORTBbits = 0x2ca
                    0x02cc                  LATB = 0x2cc
                    0x02cc                  _LATB = 0x2cc
                    0x02cc                  _LATBbits = 0x2cc
                    0x02ce                  ODCB = 0x2ce
                    0x02ce                  _ODCB = 0x2ce
                    0x02ce                  _ODCBbits = 0x2ce
                    0x02fc                  PADCFG1 = 0x2fc
                    0x02fc                  _PADCFG1 = 0x2fc
                    0x02fc                  _PADCFG1bits = 0x2fc
                    0x0300                  ADC1BUF0 = 0x300
                    0x0300                  _ADC1BUF0 = 0x300
                    0x0302                  ADC1BUF1 = 0x302
                    0x0302                  _ADC1BUF1 = 0x302
                    0x0320                  AD1CON1 = 0x320
                    0x0320                  _AD1CON1 = 0x320
                    0x0320                  _AD1CON1bits = 0x320
                    0x0322                  AD1CON2 = 0x322
                    0x0322                  _AD1CON2 = 0x322
                    0x0322                  _AD1CON2bits = 0x322
                    0x0324                  AD1CON3 = 0x324
                    0x0324                  _AD1CON3 = 0x324
                    0x0324                  _AD1CON3bits = 0x324
                    0x0328                  AD1CHS = 0x328
                    0x0328                  _AD1CHS = 0x328
                    0x0328                  _AD1CHSbits = 0x328
                    0x0330                  AD1CSSL = 0x330
                    0x0330                  _AD1CSSL = 0x330
                    0x0330                  _AD1CSSLbits = 0x330
                    0x04de                  ANCFG = 0x4de
                    0x04de                  _ANCFG = 0x4de
                    0x04de                  _ANCFGbits = 0x4de
                    0x04e0                  ANSA = 0x4e0
                    0x04e0                  _ANSA = 0x4e0
                    0x04e0                  _ANSAbits = 0x4e0
                    0x04e0                  ANSELA = 0x4e0
                    0x04e0                  _ANSELA = 0x4e0
                    0x04e0                  _ANSELAbits = 0x4e0
                    0x04e2                  ANSB = 0x4e2
                    0x04e2                  _ANSB = 0x4e2
                    0x04e2                  _ANSBbits = 0x4e2
                    0x04e2                  ANSELB = 0x4e2
                    0x04e2                  _ANSELB = 0x4e2
                    0x04e2                  _ANSELBbits = 0x4e2
                    0x0630                  CMSTAT = 0x630
                    0x0630                  _CMSTAT = 0x630
                    0x0630                  _CMSTATbits = 0x630
                    0x0632                  CVRCON = 0x632
                    0x0632                  _CVRCON = 0x632
                    0x0632                  _CVRCONbits = 0x632
                    0x0634                  CM1CON = 0x634
                    0x0634                  _CM1CON = 0x634
                    0x0634                  _CM1CONbits = 0x634
                    0x0636                  CM2CON = 0x636
                    0x0636                  _CM2CON = 0x636
                    0x0636                  _CM2CONbits = 0x636
                    0x0740                  RCON = 0x740
                    0x0740                  _RCON = 0x740
                    0x0740                  _RCONbits = 0x740
                    0x0742                  OSCCON = 0x742
                    0x0742                  _OSCCON = 0x742
                    0x0742                  _OSCCONbits = 0x742
                    0x0742                  OSCCONL = 0x742
                    0x0742                  _OSCCONL = 0x742
                    0x0743                  OSCCONH = 0x743
                    0x0743                  _OSCCONH = 0x743
                    0x0744                  CLKDIV = 0x744
                    0x0744                  _CLKDIV = 0x744
                    0x0744                  _CLKDIVbits = 0x744
                    0x0748                  OSCTUN = 0x748
                    0x0748                  _OSCTUN = 0x748
                    0x0748                  _OSCTUNbits = 0x748
                    0x074e                  REFOCON = 0x74e
                    0x074e                  _REFOCON = 0x74e
                    0x074e                  _REFOCONbits = 0x74e
                    0x0756                  HLVDCON = 0x756
                    0x0756                  _HLVDCON = 0x756
                    0x0756                  _HLVDCONbits = 0x756
                    0x0760                  NVMCON = 0x760
                    0x0760                  _NVMCON = 0x760
                    0x0760                  _NVMCONbits = 0x760
                    0x0766                  NVMKEY = 0x766
                    0x0766                  _NVMKEY = 0x766
                    0x0766                  _NVMKEYbits = 0x766
                    0x0768                  ULPWCON = 0x768
                    0x0768                  _ULPWCON = 0x768
                    0x0768                  _ULPWCONbits = 0x768
                    0x0770                  PMD1 = 0x770
                    0x0770                  _PMD1 = 0x770
                    0x0770                  _PMD1bits = 0x770
                    0x0770                  PMDIS1 = 0x770
                    0x0770                  _PMDIS1 = 0x770
                    0x0770                  _PMDIS1bits = 0x770
                    0x0772                  PMD2 = 0x772
                    0x0772                  _PMD2 = 0x772
                    0x0772                  _PMD2bits = 0x772
                    0x0772                  PMDIS2 = 0x772
                    0x0772                  _PMDIS2 = 0x772
                    0x0772                  _PMDIS2bits = 0x772
                    0x0774                  PMD3 = 0x774
                    0x0774                  _PMD3 = 0x774
                    0x0774                  _PMD3bits = 0x774
                    0x0774                  PMDIS3 = 0x774
                    0x0774                  _PMDIS3 = 0x774
                    0x0774                  _PMDIS3bits = 0x774
                    0x0776                  PMD4 = 0x776
                    0x0776                  _PMD4 = 0x776
                    0x0776                  _PMD4bits = 0x776
                    0x0776                  PMDIS4 = 0x776
                    0x0776                  _PMDIS4 = 0x776
                    0x0776                  _PMDIS4bits = 0x776
                    0x0220                  UART1 = 0x220
                    0x0220                  _UART1 = 0x220
                    0x0230                  UART2 = 0x230
                    0x0230                  _UART2 = 0x230
START GROUP
LOAD c:/program files (x86)/microchip/xc16/v1.26/bin/bin/../../lib\liblega-pic30-elf.a
LOAD c:/program files (x86)/microchip/xc16/v1.26/bin/bin/../../lib\libm-elf.a
LOAD c:/program files (x86)/microchip/xc16/v1.26/bin/bin/../../lib\liblega-c-elf.a
END GROUP
OUTPUT(dist/default/production/Teste_LoRa.X.production.elf elf32-pic30)
LOAD FGS
LOAD FBS
LOAD jump_table
LOAD default_isr
LOAD data_init
LOAD shared_data_init

.debug_pubtypes
                  0x000090        0x485
 .debug_pubtypes
                  0x000090         0x25 build/default/production/Accel.o
 .debug_pubtypes
                  0x0000b5         0xa9 build/default/production/I2CDiscr.o
 .debug_pubtypes
                  0x00015e         0xd6 build/default/production/Interrupt.o
 .debug_pubtypes
                  0x000234         0x1e build/default/production/LoRa.o
 .debug_pubtypes
                  0x000252        0x101 build/default/production/Main.o
 .debug_pubtypes
                  0x000353        0x1c2 build/default/production/Uart.o

__c30_signature
                  0x000515        0x120
 __c30_signature
                  0x000515          0x6 build/default/production/Accel.o
 __c30_signature
                  0x00051b          0x6 build/default/production/I2CDiscr.o
 __c30_signature
                  0x000521          0x6 build/default/production/Interrupt.o
 __c30_signature
                  0x000527          0x6 build/default/production/LoRa.o
 __c30_signature
                  0x00052d          0x6 build/default/production/Main.o
 __c30_signature
                  0x000533          0x6 build/default/production/Uart.o
 __c30_signature
                  0x000539          0x6 c:/program files (x86)/microchip/xc16/v1.26/bin/bin/../../lib\liblega-pic30-elf.a(crt0_standard.o)
 __c30_signature
                  0x00053f          0x6 c:/program files (x86)/microchip/xc16/v1.26/bin/bin/../../lib\liblega-pic30-elf.a(data_init_standard.o)
 __c30_signature
                  0x000545          0x6 c:/program files (x86)/microchip/xc16/v1.26/bin/bin/../../lib\liblega-c-elf.a(sprintf.XXeo)
 __c30_signature
                  0x00054b          0x6 c:/program files (x86)/microchip/xc16/v1.26/bin/bin/../../lib\liblega-c-elf.a(xprintf.XXeo)
 __c30_signature
                  0x000551          0x6 c:/program files (x86)/microchip/xc16/v1.26/bin/bin/../../lib\liblega-c-elf.a(xputfld.XXeo)
 __c30_signature
                  0x000557          0x6 c:/program files (x86)/microchip/xc16/v1.26/bin/bin/../../lib\liblega-c-elf.a(strchr.XXelo)
 __c30_signature
                  0x00055d          0x6 c:/program files (x86)/microchip/xc16/v1.26/bin/bin/../../lib\liblega-c-elf.a(xvacopy.XXelo)
 __c30_signature
                  0x000563          0x6 c:/program files (x86)/microchip/xc16/v1.26/bin/bin/../../lib\liblega-c-elf.a(memchr.XXeo)
 __c30_signature
                  0x000569          0x6 c:/program files (x86)/microchip/xc16/v1.26/bin/bin/../../lib\liblega-c-elf.a(memcpy.XXeo)
 __c30_signature
                  0x00056f          0x6 c:/program files (x86)/microchip/xc16/v1.26/bin/bin/../../lib\liblega-c-elf.a(strlen.XXeo)
 __c30_signature
                  0x000575          0x6 c:/program files (x86)/microchip/xc16/v1.26/bin/bin/../../lib\liblega-c-elf.a(xldtob.XXeo)
 __c30_signature
                  0x00057b          0x6 c:/program files (x86)/microchip/xc16/v1.26/bin/bin/../../lib\liblega-c-elf.a(xldunsca.XXeo)
 __c30_signature
                  0x000581          0x6 c:/program files (x86)/microchip/xc16/v1.26/bin/bin/../../lib\liblega-c-elf.a(xlitob.XXeo)
 __c30_signature
                  0x000587          0x6 c:/program files (x86)/microchip/xc16/v1.26/bin/bin/../../lib\liblega-c-elf.a(xputtxt.XXeo)
 __c30_signature
                  0x00058d          0x6 c:/program files (x86)/microchip/xc16/v1.26/bin/bin/../../lib\liblega-c-elf.a(ldiv.XXelo)
 __c30_signature
                  0x000593          0x6 c:/program files (x86)/microchip/xc16/v1.26/bin/bin/../../lib\liblega-c-elf.a(xdnorm.XXelo)
 __c30_signature
                  0x000599          0x6 c:/program files (x86)/microchip/xc16/v1.26/bin/bin/../../lib\liblega-c-elf.a(xldscale.XXelo)
 __c30_signature
                  0x00059f          0x6 c:/program files (x86)/microchip/xc16/v1.26/bin/bin/../../lib\liblega-c-elf.a(xgenld.XXeo)
 __c30_signature
                  0x0005a5          0x6 c:/program files (x86)/microchip/xc16/v1.26/bin/bin/../../lib\liblega-c-elf.a(div.XXelo)
 __c30_signature
                  0x0005ab          0x6 c:/program files (x86)/microchip/xc16/v1.26/bin/bin/../../lib\libm-elf.a(deqltle.eo)
 __c30_signature
                  0x0005b1          0x6 c:/program files (x86)/microchip/xc16/v1.26/bin/bin/../../lib\libm-elf.a(dgtge.eo)
 __c30_signature
                  0x0005b7          0x6 c:/program files (x86)/microchip/xc16/v1.26/bin/bin/../../lib\libm-elf.a(divdf3.eo)
 __c30_signature
                  0x0005bd          0x6 c:/program files (x86)/microchip/xc16/v1.26/bin/bin/../../lib\libm-elf.a(divsi3.eo)
 __c30_signature
                  0x0005c3          0x6 c:/program files (x86)/microchip/xc16/v1.26/bin/bin/../../lib\libm-elf.a(dpack.eo)
 __c30_signature
                  0x0005c9          0x6 c:/program files (x86)/microchip/xc16/v1.26/bin/bin/../../lib\libm-elf.a(dunpack2.eo)
 __c30_signature
                  0x0005cf          0x6 c:/program files (x86)/microchip/xc16/v1.26/bin/bin/../../lib\libm-elf.a(extendsfdf.eo)
 __c30_signature
                  0x0005d5          0x6 c:/program files (x86)/microchip/xc16/v1.26/bin/bin/../../lib\libm-elf.a(fixdfsi.eo)
 __c30_signature
                  0x0005db          0x6 c:/program files (x86)/microchip/xc16/v1.26/bin/bin/../../lib\libm-elf.a(floatsidf.eo)
 __c30_signature
                  0x0005e1          0x6 c:/program files (x86)/microchip/xc16/v1.26/bin/bin/../../lib\libm-elf.a(funpack.eo)
 __c30_signature
                  0x0005e7          0x6 c:/program files (x86)/microchip/xc16/v1.26/bin/bin/../../lib\libm-elf.a(muldf3.eo)
 __c30_signature
                  0x0005ed          0x6 c:/program files (x86)/microchip/xc16/v1.26/bin/bin/../../lib\libm-elf.a(subdf3.eo)
 __c30_signature
                  0x0005f3          0x6 c:/program files (x86)/microchip/xc16/v1.26/bin/bin/../../lib\libm-elf.a(udivsi3.eo)
 __c30_signature
                  0x0005f9          0x6 c:/program files (x86)/microchip/xc16/v1.26/bin/bin/../../lib\libm-elf.a(umodsi3.eo)
 __c30_signature
                  0x0005ff          0x6 c:/program files (x86)/microchip/xc16/v1.26/bin/bin/../../lib\libm-elf.a(mulsi3.eo)
 __c30_signature
                  0x000605          0x6 c:/program files (x86)/microchip/xc16/v1.26/bin/bin/../../lib\libm-elf.a(divmoddi3.eo)
 __c30_signature
                  0x00060b          0x6 c:/program files (x86)/microchip/xc16/v1.26/bin/bin/../../lib\libm-elf.a(adddf3.eo)
 __c30_signature
                  0x000611          0x6 c:/program files (x86)/microchip/xc16/v1.26/bin/bin/../../lib\libm-elf.a(dcompare.eo)
 __c30_signature
                  0x000617          0x6 c:/program files (x86)/microchip/xc16/v1.26/bin/bin/../../lib\libm-elf.a(dpropagateNaN.eo)
 __c30_signature
                  0x00061d          0x6 c:/program files (x86)/microchip/xc16/v1.26/bin/bin/../../lib\libm-elf.a(dtype.eo)
 __c30_signature
                  0x000623          0x6 c:/program files (x86)/microchip/xc16/v1.26/bin/bin/../../lib\libm-elf.a(dunpack.eo)
 __c30_signature
                  0x000629          0x6 c:/program files (x86)/microchip/xc16/v1.26/bin/bin/../../lib\libm-elf.a(floatdidf.eo)
 __c30_signature
                  0x00062f          0x6 c:/program files (x86)/microchip/xc16/v1.26/bin/bin/../../lib\libm-elf.a(floatundidf.eo)

.nbss               0x0800        0x1ea
 .nbss              0x0800        0x1a4 build/default/production/Uart.o
                    0x0800                  _stUART1
                    0x0808                  _stUART2
                    0x0810                  _stUART3
                    0x0818                  _stUART4
                    0x0820                  _byBufferUART1Tx
                    0x08a0                  _byBufferUART1Rx
                    0x0920                  _byBufferUART2Tx
                    0x0960                  _byBufferUART2Rx
                    0x09a0                  _byQtdCrLfIntermediarios
                    0x09a2                  _pbyBufferRxUART1
 .nbss              0x09a4         0x2c build/default/production/Interrupt.o
                    0x09a4                  _stTemporizacao
                    0x09c6                  _wTimer1ContadorTempo_ms
                    0x09c8                  _byFlagTempo_ms
                    0x09ca                  _wTimer1ContadorTempo1s
                    0x09cc                  _wContadorTempo_s
                    0x09ce                  _byFlagTempo_s
 .nbss              0x09d0         0x10 build/default/production/Main.o
                    0x09d0                  _byEstadoAtualBloqueio
                    0x09d2                  _wIndiceDoCicloDeBloqueio
                    0x09d4                  _wContadosDeCilosPorIndice
                    0x09d6                  _wAux
                    0x09d8                  _wTOn
                    0x09da                  _wTOff
                    0x09dc                  _wAuxIgnicao
                    0x09de                  _wAuxBloqueio
 .nbss              0x09e0          0x8 build/default/production/Accel.o
                    0x09e0                  _unAccelEixoX
                    0x09e2                  _unAccelEixoY
                    0x09e4                  _unAccelEixoZ
                    0x09e6                  _byAccelINT
                    0x09e7                  _byPIN_ACCEL
 .nbss              0x09e8          0x2 build/default/production/I2CDiscr.o
                    0x09e8                  _byI2cWriteByteReturn
                    0x09e9                  _byACKLido

.data               0x09ea         0xb8
 .data              0x09ea         0x7a c:/program files (x86)/microchip/xc16/v1.26/bin/bin/../../lib\liblega-c-elf.a(xldtob.XXeo)
 .data              0x0a64         0x22 c:/program files (x86)/microchip/xc16/v1.26/bin/bin/../../lib\liblega-c-elf.a(xlitob.XXeo)
 .data              0x0a86         0x1a c:/program files (x86)/microchip/xc16/v1.26/bin/bin/../../lib\liblega-c-elf.a(xprintf.XXeo)
 .data              0x0aa0          0x2 c:/program files (x86)/microchip/xc16/v1.26/bin/bin/../../lib\liblega-c-elf.a(xgenld.XXeo)

.ivt._T1Interrupt
                  0x00001a          0x2
 .ivt._T1Interrupt
                  0x00001a          0x2 build/default/production/Interrupt.o

.ivt._INT1Interrupt
                  0x00003c          0x2
 .ivt._INT1Interrupt
                  0x00003c          0x2 build/default/production/Interrupt.o

.ivt._U1RXInterrupt
                  0x00002a          0x2
 .ivt._U1RXInterrupt
                  0x00002a          0x2 build/default/production/Interrupt.o

.ivt._U1TXInterrupt
                  0x00002c          0x2
 .ivt._U1TXInterrupt
                  0x00002c          0x2 build/default/production/Interrupt.o

.ivt._U1ErrInterrupt
                  0x000096          0x2
 .ivt._U1ErrInterrupt
                  0x000096          0x2 build/default/production/Interrupt.o

.ivt._U2RXInterrupt
                  0x000050          0x2
 .ivt._U2RXInterrupt
                  0x000050          0x2 build/default/production/Interrupt.o

.ivt._U2TXInterrupt
                  0x000052          0x2
 .ivt._U2TXInterrupt
                  0x000052          0x2 build/default/production/Interrupt.o

.ivt._U2ErrInterrupt
                  0x000098          0x2
 .ivt._U2ErrInterrupt
                  0x000098          0x2 build/default/production/Interrupt.o

.config_ICS       0xf8000e          0x2
 .config_ICS      0xf8000e          0x2 build/default/production/Main.o

.config_MCLRE     0xf8000c          0x2
 .config_MCLRE    0xf8000c          0x2 build/default/production/Main.o

.config_WINDIS    0xf8000a          0x2
 .config_WINDIS
                  0xf8000a          0x2 build/default/production/Main.o

.config_FCKSM     0xf80008          0x2
 .config_FCKSM    0xf80008          0x2 build/default/production/Main.o

.config_IESO      0xf80006          0x2
 .config_IESO     0xf80006          0x2 build/default/production/Main.o

.const              0x9b52        0x102 load address 0x001b52  
 .const             0x9b52         0xb8 build/default/production/LoRa.o
 .const             0x9c0a         0x4a build/default/production/Main.o

.text             0x001c54        0x742
 .text            0x001c54        0x236 build/default/production/Uart.o
                  0x001c54                  _UART_UART1Init
                  0x001cc2                  _UART_UART1ProcessaByteRecebido
                  0x001cd0                  _UART_UART1EnviaTxBuffer
                  0x001d06                  _UART_UART1EnviaTxBufferASCII
                  0x001d3e                  _UART_UART2Init
                  0x001dac                  _UART_UART2ProcessaByteRecebido
                  0x001e1a                  _UART_UART2EnviaTxBuffer
                  0x001e4a                  _UART_UART2EnviaTxBufferASCII
 .text            0x001e8a        0x166 build/default/production/Main.o
                  0x001e8a                  _MAIN_InicializaPorts
                  0x001ec6                  _MAIN_InicializaOscilador
                  0x001f0c                  _MAIN_InicializaVariaveisGlobais
                  0x001f18                  _MAIN_Delay_5ms
                  0x001f30                  _MAIN_Delay_1ms
                  0x001f48                  _MAIN_Delay_100us
                  0x001f60                  _MAIN_Delay_50us
                  0x001f76                  _MAIN_Delay_10us
                  0x001f8c                  _MAIN_Delay_1us
                  0x001f98                  _main
 .text            0x001ff0        0x156 build/default/production/Interrupt.o
                  0x001ff0                  _INTERRUPT_TIMER1Init
                  0x002024                  _INTERRUPT_TIMER1On
                  0x002030                  __T1Interrupt
                  0x00207c                  __INT1Interrupt
                  0x00209e                  __U1RXInterrupt
                  0x0020ca                  __U1TXInterrupt
                  0x0020de                  __U1ErrInterrupt
                  0x0020f2                  __U2RXInterrupt
                  0x00211e                  __U2TXInterrupt
                  0x002132                  __U2ErrInterrupt
 .text            0x002146        0x138 build/default/production/Accel.o
                  0x002146                  _ACCEL_InicializaLIS3DSH
                  0x002182                  _ACCEL_InicializaStateMachine1LIS3DSH
                  0x0021e8                  _ACCEL_WriteByte
                  0x002228                  _ACCEL_ReadByte
                  0x00226a                  _GPIO_TrataAcelerometro
 .text            0x00227e        0x118 build/default/production/I2CDiscr.o
                  0x00227e                  _I2CDISCR_Accel_InicializaBarramentoI2C
                  0x00229e                  _I2CDISCR_Accel_GeraStartBit
                  0x0022b6                  _I2CDISCR_Accel_GeraStopBit
                  0x0022ce                  _I2CDISCR_Accel_WriteByte
                  0x002312                  _I2CDISCR_Accel_ReadByte
                  0x002352                  _I2CDISCR_Accel_LeACK
                  0x002370                  _I2CDISCR_Accel_GeraACK_NAK

.dinit            0x002396         0xb6
 .dinit           0x002396         0xb6 data_init

.text             0x00244c         0x68
 .text            0x00244c         0x68 build/default/production/LoRa.o
                  0x00244c                  _InitLoRa
                  0x00246e                  _SendCommand

.shared.dinit     0x0024b4          0x2
 .shared.dinit    0x0024b4          0x2 shared_data_init
